******************************************************************************
                  TI ARM Linker PC v16.9.4                     
******************************************************************************
>> Linked Sun Aug 27 11:34:59 2023

OUTPUT FILE NAME:   <EUI_EME_ARM00_STATE_MACHINE.out>
ENTRY POINT SYMBOL: "_c_int00"  address: 000008a9


MEMORY CONFIGURATION

         name            origin    length      used     unused   attr    fill
----------------------  --------  ---------  --------  --------  ----  --------
  FLASH                 00000000   00040000  00000a0e  0003f5f2  R  X
  SRAM                  20000000   00008000  00000219  00007de7  RW X


SEGMENT ALLOCATION MAP

run origin  load origin   length   init length attrs members
----------  ----------- ---------- ----------- ----- -------
00000000    00000000    00000a14   00000a14    r-x
  00000000    00000000    0000026c   0000026c    r-- .intvecs
  0000026c    0000026c    0000077e   0000077e    r-x .text
  000009f0    000009f0    00000024   00000024    r-- .cinit
20000000    20000000    00000219   00000000    rw-
  20000000    20000000    00000200   00000000    rw- .stack
  20000200    20000200    00000019   00000000    rw- .data


SECTION ALLOCATION MAP

 output                                  attributes/
section   page    origin      length       input sections
--------  ----  ----------  ----------   ----------------
.intvecs   0    00000000    0000026c     
                  00000000    0000026c     tm4c123gh6pm_startup_ccs.obj (.intvecs)

.text      0    0000026c    0000077e     
                  0000026c    000002d8     DIO.obj (.text)
                  00000544    000001f0     main.obj (.text)
                  00000734    0000009c     rtsv7M4_T_le_v4SPD16_eabi.lib : memcpy_t2.obj (.text)
                  000007d0    00000070                                   : autoinit.obj (.text)
                  00000840    00000068                                   : copy_decompress_lzss.obj (.text:decompress:lzss)
                  000008a8    00000054                                   : boot.obj (.text)
                  000008fc    00000054                                   : exit.obj (.text)
                  00000950    0000004c                                   : cpy_tbl.obj (.text)
                  0000099c    00000018                                   : args_main.obj (.text)
                  000009b4    00000014                                   : _lock.obj (.text)
                  000009c8    0000000e                                   : copy_decompress_none.obj (.text:decompress:none)
                  000009d6    0000000c     tm4c123gh6pm_startup_ccs.obj (.text)
                  000009e2    00000004     rtsv7M4_T_le_v4SPD16_eabi.lib : pre_init.obj (.text)
                  000009e6    00000002                                   : mpu_init.obj (.text)
                  000009e8    00000002                                   : startup.obj (.text)

.cinit     0    000009f0    00000024     
                  000009f0    00000011     (.cinit..data.load) [load image, compression = lzss]
                  00000a01    00000003     --HOLE-- [fill = 0]
                  00000a04    00000008     (__TI_handler_table)
                  00000a0c    00000008     (__TI_cinit_table)

.init_array 
*          0    00000000    00000000     UNINITIALIZED

.stack     0    20000000    00000200     UNINITIALIZED
                  20000000    00000200     --HOLE--

.data      0    20000200    00000019     UNINITIALIZED
                  20000200    0000000c     rtsv7M4_T_le_v4SPD16_eabi.lib : exit.obj (.data:$O1$$)
                  2000020c    00000008                                   : _lock.obj (.data:$O1$$)
                  20000214    00000004                                   : stkdepth_vars.obj (.data)
                  20000218    00000001     main.obj (.data)

MODULE SUMMARY

       Module                         code   ro data   rw data
       ------                         ----   -------   -------
    .\
       DIO.obj                        728    0         0      
       tm4c123gh6pm_startup_ccs.obj   12     620       0      
       main.obj                       496    0         1      
    +--+------------------------------+------+---------+---------+
       Total:                         1236   620       1      
                                                              
    C:\ti\ccsv7\tools\compiler\ti-cgt-arm_16.9.4.LTS\lib\rtsv7M4_T_le_v4SPD16_eabi.lib
       memcpy_t2.obj                  156    0         0      
       autoinit.obj                   112    0         0      
       copy_decompress_lzss.obj       104    0         0      
       exit.obj                       84     0         12     
       boot.obj                       84     0         0      
       cpy_tbl.obj                    76     0         0      
       _lock.obj                      20     0         8      
       args_main.obj                  24     0         0      
       copy_decompress_none.obj       14     0         0      
       pre_init.obj                   4      0         0      
       stkdepth_vars.obj              0      0         4      
       mpu_init.obj                   2      0         0      
       startup.obj                    2      0         0      
    +--+------------------------------+------+---------+---------+
       Total:                         682    0         24     
                                                              
       Stack:                         0      0         512    
       Linker Generated:              0      33        0      
    +--+------------------------------+------+---------+---------+
       Grand Total:                   1918   653       537    


LINKER GENERATED COPY TABLES

__TI_cinit_table @ 00000a0c records: 1, size/record: 8, table size: 8
	.data: load addr=000009f0, load size=00000011 bytes, run addr=20000200, run size=00000019 bytes, compression=lzss


LINKER GENERATED HANDLER TABLE

__TI_handler_table @ 00000a04 records: 2, size/record: 4, table size: 8
	index: 0, handler: __TI_decompress_lzss
	index: 1, handler: __TI_decompress_none


GLOBAL SYMBOLS: SORTED ALPHABETICALLY BY Name 

address   name                           
-------   ----                           
000008fd  C$$EXIT                        
0000026d  DIO_Init                       
00000545  GPIO_PortF_Handler             
000009d7  ResetISR                       
UNDEFED   SHT$$INIT_ARRAY$$Base          
UNDEFED   SHT$$INIT_ARRAY$$Limit         
20000200  __STACK_END                    
00000200  __STACK_SIZE                   
20000200  __STACK_TOP                    
00000a0c  __TI_CINIT_Base                
00000a14  __TI_CINIT_Limit               
00000a04  __TI_Handler_Table_Base        
00000a0c  __TI_Handler_Table_Limit       
000007d1  __TI_auto_init                 
20000200  __TI_cleanup_ptr               
00000841  __TI_decompress_lzss           
000009c9  __TI_decompress_none           
20000204  __TI_dtors_ptr                 
20000208  __TI_enable_exit_profile_output
ffffffff  __TI_pprof_out_hndl            
ffffffff  __TI_prof_data_size            
ffffffff  __TI_prof_data_start           
00000000  __TI_static_base__             
00000735  __aeabi_memcpy                 
00000735  __aeabi_memcpy4                
00000735  __aeabi_memcpy8                
ffffffff  __binit__                      
ffffffff  __c_args__                     
000009e7  __mpu_init                     
20000000  __stack                        
0000099d  _args_main                     
000008a9  _c_int00                       
2000020c  _lock                          
000009c3  _nop                           
000009bb  _register_lock                 
000009b5  _register_unlock               
000009e9  _system_post_cinit             
000009e3  _system_pre_init               
20000210  _unlock                        
00000901  abort                          
ffffffff  binit                          
00000951  copy_in                        
00000909  exit                           
20000218  flag                           
00000000  g_pfnVectors                   
00000593  main                           
20000214  main_func_sp                   
00000735  memcpy                         


GLOBAL SYMBOLS: SORTED BY Symbol Address 

address   name                           
-------   ----                           
00000000  __TI_static_base__             
00000000  g_pfnVectors                   
00000200  __STACK_SIZE                   
0000026d  DIO_Init                       
00000545  GPIO_PortF_Handler             
00000593  main                           
00000735  __aeabi_memcpy                 
00000735  __aeabi_memcpy4                
00000735  __aeabi_memcpy8                
00000735  memcpy                         
000007d1  __TI_auto_init                 
00000841  __TI_decompress_lzss           
000008a9  _c_int00                       
000008fd  C$$EXIT                        
00000901  abort                          
00000909  exit                           
00000951  copy_in                        
0000099d  _args_main                     
000009b5  _register_unlock               
000009bb  _register_lock                 
000009c3  _nop                           
000009c9  __TI_decompress_none           
000009d7  ResetISR                       
000009e3  _system_pre_init               
000009e7  __mpu_init                     
000009e9  _system_post_cinit             
00000a04  __TI_Handler_Table_Base        
00000a0c  __TI_CINIT_Base                
00000a0c  __TI_Handler_Table_Limit       
00000a14  __TI_CINIT_Limit               
20000000  __stack                        
20000200  __STACK_END                    
20000200  __STACK_TOP                    
20000200  __TI_cleanup_ptr               
20000204  __TI_dtors_ptr                 
20000208  __TI_enable_exit_profile_output
2000020c  _lock                          
20000210  _unlock                        
20000214  main_func_sp                   
20000218  flag                           
ffffffff  __TI_pprof_out_hndl            
ffffffff  __TI_prof_data_size            
ffffffff  __TI_prof_data_start           
ffffffff  __binit__                      
ffffffff  __c_args__                     
ffffffff  binit                          
UNDEFED   SHT$$INIT_ARRAY$$Base          
UNDEFED   SHT$$INIT_ARRAY$$Limit         

[48 symbols]
